// Jest Snapshot v1, https://goo.gl/fbAQLP

exports[`detects modules in files matching fileExt 1`] = `
"This should contain the empty submodule: { value: 'This is a module', submodule: {} }
Call via default export:
this is some.legacy.namespace.myFn
some.legacy.namespace.otherModule.text = This is from otherModule.
Call via named export:
this is some.legacy.namespace.myFn
some.legacy.namespace.otherModule.text = This is from otherModule.
Some var: 42"
`;
